// Jest Snapshot v1, https://goo.gl/fbAQLP

exports[`renders correctly 1`] = `
<DocumentFragment>
  <header>
    <nav
      class="nav"
      id="navbar"
    >
      <ul
        class="nav-list"
      >
        <li>
          <a
            href="#welcome-section"
          >
            About
          </a>
        </li>
        <li>
          <a
            href="#projects"
          >
            Work
          </a>
        </li>
        <li>
          <a
            href="#contact"
          >
            Contact
          </a>
        </li>
      </ul>
    </nav>
  </header>
</DocumentFragment>
`;
